                                                                                
 Name          │ Role         │ Handle                                          
───────────────┼──────────────┼───────────────────────────────────────────────  
 Andrey        │ Engineering  │ ​‌[38;5;35;1m@andreynering[0m‌​ [38;5;30;4mhttps://github.com/andreynering[0m   
 Ayman         │ Engineering  │ ​‌[38;5;35;1m@aymanbagabas[0m‌​ [38;5;30;4mhttps://github.com/aymanbagabas[0m   
 Bash          │ Engineering  │ ​‌[38;5;35;1m@bashbunni[0m‌​ [38;5;30;4mhttps://github.com/bashbunni[0m         
 Carlos        │ Engineering  │ ​‌[38;5;35;1m@caarlos0[0m‌​ [38;5;30;4mhttps://github.com/caarlos0[0m           
 Christian     │ Product      │ ​‌[38;5;35;1m@meowgorithm[0m‌​ [38;5;30;4mhttps://github.com/meowgorithm[0m     
 Rapha         │ Intern       │ ​‌[38;5;35;1m@raphamorim[0m‌​ [38;5;30;4mhttps://github.com/raphamorim[0m       
