                                                                                
 Word                                  │ Link                                   
───────────────────────────────────────┼──────────────────────────────────────  
 foo                                   │ ​‌[38;5;35;1mlink[1][0m‌​                                
 bar                                   │ ​‌[38;5;35;1mlink[1][0m‌​                                
 baz                                   │ ​‌[38;5;35;1mlink[1][0m‌​                                
                                                                                
[38;5;35;1m[0m[38;5;35;1m[1]: link[0m [38;5;30;4mhttps://www.pudim.com.br[0m                                              
