                                                                                
 Name                     │ Role                    │ Handle                    
──────────────────────────┼─────────────────────────┼─────────────────────────  
 Andrey                   │ Engineering             │ ​‌[38;5;35;1m@andreynering[1][0m‌​          
 Ayman                    │ Engineering             │ ​‌[38;5;35;1m@aymanbagabas[2][0m‌​          
 Bash                     │ Engineering             │ ​‌[38;5;35;1m@bashbunni[3][0m‌​             
 Carlos                   │ Engineering             │ ​‌[38;5;35;1m@caarlos0[4][0m‌​              
 Christian                │ Product                 │ ​‌[38;5;35;1m@meowgorithm[5][0m‌​           
 Rapha                    │ Intern                  │ ​‌[38;5;35;1m@raphamorim[6][0m‌​            
                                                                                
[38;5;35;1m[0m[38;5;35;1m[1]: @andreynering[0m [38;5;30;4mhttps://github.com/andreynering[0m                              
[38;5;35;1m[0m[38;5;35;1m[2]: @aymanbagabas[0m [38;5;30;4mhttps://github.com/aymanbagabas[0m                              
[38;5;35;1m[0m[38;5;35;1m[3]: @bashbunni[0m [38;5;30;4mhttps://github.com/bashbunni[0m                                    
[38;5;35;1m[0m[38;5;35;1m[4]: @caarlos0[0m [38;5;30;4mhttps://github.com/caarlos0[0m                                      
[38;5;35;1m[0m[38;5;35;1m[5]: @meowgorithm[0m [38;5;30;4mhttps://github.com/meowgorithm[0m                                
[38;5;35;1m[0m[38;5;35;1m[6]: @raphamorim[0m [38;5;30;4mhttps://github.com/raphamorim[0m                                  
